
> pensr-ai@1.0.0 build
> next build

  Ôû▓ Next.js 14.2.3

   Creating an optimized production build ...
node.exe : Failed to compile.
Au caractère Ligne:1 : 1
+ & "C:\Program Files\nodejs/node.exe" "C:\Program Files\nodejs/node_mo ...
+ ~~~~~~~~~~~~~~~~~~~~~~~~~~~~~~~~~~~~~~~~~~~~~~~~~~~~~~~~~~~~~~~~~~~~~
    + CategoryInfo          : NotSpecified: (Failed to compile.:String) [], Re 
   moteException
    + FullyQualifiedErrorId : NativeCommandError
 

./src/components/sections/Hero.tsx
Error: 
  [31mx[0m Unexpected token `{`. Expected identifier, string literal, 
numeric literal or [ for the computed key
     ,-[[36;1;4mC:\Users\User\Downloads\pensr\src\components\sections\Hero.tsx
[0m:304:1]
 [2m304[0m | }
 [2m305[0m | 
 [2m306[0m | 
 [2m307[0m |         transition={{ delay: 2.2 }}
     : [31;1m                    ^[0m
 [2m308[0m |         className="absolute bottom-8 left-8 flex items-center 
gap-3"
 [2m309[0m |       >
 [2m310[0m |         <div className="w-px h-12 bg-line relative 
overflow-hidden">
     `----

Caused by:
    Syntax Error

Import trace for requested module:
./src/components/sections/Hero.tsx
./src/app/page.tsx


> Build failed because of webpack errors
